gow@gow-virtual-machine:~$ ifconfic 
Command 'ifconfic' not found, did you mean:
  command 'ifconfig' from deb net-tools (1.60+git20181103.0eebece-1ubuntu5)
Try: sudo apt install <deb name>
gow@gow-virtual-machine:~$ ifconfig
Command 'ifconfig' not found, but can be installed with:
sudo apt install net-tools
gow@gow-virtual-machine:~$ sudo apt install net-tools
[sudo] password for gow: 
Reading package lists... Done
Building dependency tree... Done
Reading state information... Done
The following packages were automatically installed and are no longer required:
  chromium-codecs-ffmpeg-extra gstreamer1.0-vaapi i965-va-driver
  intel-media-va-driver libaacs0 libaom3 libass9 libavcodec58 libavformat58
  libavutil56 libbdplus0 libblas3 libbluray2 libbs2b0 libchromaprint1
  libcodec2-1.0 libdav1d5 libflite1 libgme0 libgsm1
  libgstreamer-plugins-bad1.0-0 libigdgmm12 liblilv-0-0 libmfx1 libmysofa1
  libnorm1 libopenmpt0 libpgm-5.3-0 libpostproc55 librabbitmq4 librubberband2
  libserd-0-0 libshine3 libsnappy1v5 libsord-0-0 libsratom-0-0
  libsrt1.4-gnutls libssh-gcrypt-4 libswresample3 libswscale5 libudfread0
  libva-drm2 libva-wayland2 libva-x11-2 libva2 libvdpau1 libvidstab1.1
  libx265-199 libxvidcore4 libzimg2 libzmq5 libzvbi-common libzvbi0
  mesa-va-drivers mesa-vdpau-drivers pocketsphinx-en-us systemd-hwe-hwdb
  va-driver-all vdpau-driver-all
Use 'sudo apt autoremove' to remove them.
The following NEW packages will be installed:
  net-tools
0 upgraded, 1 newly installed, 0 to remove and 229 not upgraded.
Need to get 204 kB of archives.
After this operation, 819 kB of additional disk space will be used.
Ign:1 http://us.archive.ubuntu.com/ubuntu jammy/main amd64 net-tools amd64 1.60+git20181103.0eebece-1ubuntu5
Ign:1 http://us.archive.ubuntu.com/ubuntu jammy/main amd64 net-tools amd64 1.60+git20181103.0eebece-1ubuntu5
Ign:1 http://us.archive.ubuntu.com/ubuntu jammy/main amd64 net-tools amd64 1.60+git20181103.0eebece-1ubuntu5
Err:1 http://us.archive.ubuntu.com/ubuntu jammy/main amd64 net-tools amd64 1.60+git20181103.0eebece-1ubuntu5
  Temporary failure resolving 'us.archive.ubuntu.com'
E: Failed to fetch http://us.archive.ubuntu.com/ubuntu/pool/main/n/net-tools/net-tools_1.60%2bgit20181103.0eebece-1ubuntu5_amd64.deb  Temporary failure resolving 'us.archive.ubuntu.com'
E: Unable to fetch some archives, maybe run apt-get update or try with --fix-missing?
gow@gow-virtual-machine:~$ sudo apt install net-tools
Reading package lists... Done
Building dependency tree... Done
Reading state information... Done
The following packages were automatically installed and are no longer required:
  chromium-codecs-ffmpeg-extra gstreamer1.0-vaapi i965-va-driver
  intel-media-va-driver libaacs0 libaom3 libass9 libavcodec58 libavformat58
  libavutil56 libbdplus0 libblas3 libbluray2 libbs2b0 libchromaprint1
  libcodec2-1.0 libdav1d5 libflite1 libgme0 libgsm1
  libgstreamer-plugins-bad1.0-0 libigdgmm12 liblilv-0-0 libmfx1 libmysofa1
  libnorm1 libopenmpt0 libpgm-5.3-0 libpostproc55 librabbitmq4 librubberband2
  libserd-0-0 libshine3 libsnappy1v5 libsord-0-0 libsratom-0-0
  libsrt1.4-gnutls libssh-gcrypt-4 libswresample3 libswscale5 libudfread0
  libva-drm2 libva-wayland2 libva-x11-2 libva2 libvdpau1 libvidstab1.1
  libx265-199 libxvidcore4 libzimg2 libzmq5 libzvbi-common libzvbi0
  mesa-va-drivers mesa-vdpau-drivers pocketsphinx-en-us systemd-hwe-hwdb
  va-driver-all vdpau-driver-all
Use 'sudo apt autoremove' to remove them.
The following NEW packages will be installed:
  net-tools
0 upgraded, 1 newly installed, 0 to remove and 229 not upgraded.
Need to get 204 kB of archives.
After this operation, 819 kB of additional disk space will be used.
Get:1 http://us.archive.ubuntu.com/ubuntu jammy/main amd64 net-tools amd64 1.60+git20181103.0eebece-1ubuntu5 [204 kB]
Fetched 204 kB in 18s (11.6 kB/s)
Selecting previously unselected package net-tools.
(Reading database ... 196199 files and directories currently installed.)
Preparing to unpack .../net-tools_1.60+git20181103.0eebece-1ubuntu5_amd64.deb ..
.
Unpacking net-tools (1.60+git20181103.0eebece-1ubuntu5) ...
Setting up net-tools (1.60+git20181103.0eebece-1ubuntu5) ...
Processing triggers for man-db (2.10.2-1) ...
gow@gow-virtual-machine:~$ ifconfig
ens33: flags=4163<UP,BROADCAST,RUNNING,MULTICAST>  mtu 1500
        inet 192.168.198.129  netmask 255.255.255.0  broadcast 192.168.198.255
        inet6 fe80::a764:26f0:4743:96ee  prefixlen 64  scopeid 0x20<link>
        ether 00:0c:29:95:19:d0  txqueuelen 1000  (Ethernet)
        RX packets 385  bytes 240529 (240.5 KB)
        RX errors 0  dropped 0  overruns 0  frame 0
        TX packets 414  bytes 42536 (42.5 KB)
        TX errors 0  dropped 0 overruns 0  carrier 0  collisions 0

lo: flags=73<UP,LOOPBACK,RUNNING>  mtu 65536
        inet 127.0.0.1  netmask 255.0.0.0
        inet6 ::1  prefixlen 128  scopeid 0x10<host>
        loop  txqueuelen 1000  (Local Loopback)
        RX packets 564  bytes 47766 (47.7 KB)
        RX errors 0  dropped 0  overruns 0  frame 0
        TX packets 564  bytes 47766 (47.7 KB)
        TX errors 0  dropped 0 overruns 0  carrier 0  collisions 0

gow@gow-virtual-machine:~$ sudo systemctl status vsftpd
● vsftpd.service - vsftpd FTP server
     Loaded: loaded (/lib/systemd/system/vsftpd.service; enabled; vendor preset>
     Active: active (running) since Tue 2022-12-20 03:25:48 EST; 7min ago
    Process: 844 ExecStartPre=/bin/mkdir -p /var/run/vsftpd/empty (code=exited,>
   Main PID: 845 (vsftpd)
      Tasks: 1 (limit: 2247)
     Memory: 1.1M
        CPU: 16ms
     CGroup: /system.slice/vsftpd.service
             └─845 /usr/sbin/vsftpd /etc/vsftpd.conf

Dec 20 03:25:48 gow-virtual-machine systemd[1]: Starting vsftpd FTP server...
Dec 20 03:25:48 gow-virtual-machine systemd[1]: Started vsftpd FTP server.

gow@gow-virtual-machine:~$ sudo nano/etc/vsftpd.conf
sudo: nano/etc/vsftpd.conf: command not found
gow@gow-virtual-machine:~$ sudo nano /etc/vsftpd.conf
gow@gow-virtual-machine:~$ sudo systemctl restart vsftpd
gow@gow-virtual-machine:~$ ping 192.168.198.128
PING 192.168.198.128 (192.168.198.128) 56(84) bytes of data.
64 bytes from 192.168.198.128: icmp_seq=1 ttl=64 time=16.7 ms
64 bytes from 192.168.198.128: icmp_seq=2 ttl=64 time=0.688 ms
64 bytes from 192.168.198.128: icmp_seq=3 ttl=64 time=0.592 ms
64 bytes from 192.168.198.128: icmp_seq=4 ttl=64 time=0.714 ms
64 bytes from 192.168.198.128: icmp_seq=5 ttl=64 time=0.406 ms
64 bytes from 192.168.198.128: icmp_seq=6 ttl=64 time=0.348 ms
64 bytes from 192.168.198.128: icmp_seq=7 ttl=64 time=0.449 ms
64 bytes from 192.168.198.128: icmp_seq=8 ttl=64 time=0.861 ms
64 bytes from 192.168.198.128: icmp_seq=9 ttl=64 time=0.229 ms
64 bytes from 192.168.198.128: icmp_seq=10 ttl=64 time=39.4 ms
64 bytes from 192.168.198.128: icmp_seq=11 ttl=64 time=1.62 ms
64 bytes from 192.168.198.128: icmp_seq=12 ttl=64 time=0.268 ms
64 bytes from 192.168.198.128: icmp_seq=13 ttl=64 time=0.544 ms
64 bytes from 192.168.198.128: icmp_seq=14 ttl=64 time=0.312 ms
64 bytes from 192.168.198.128: icmp_seq=15 ttl=64 time=0.645 ms
64 bytes from 192.168.198.128: icmp_seq=16 ttl=64 time=0.961 ms
64 bytes from 192.168.198.128: icmp_seq=17 ttl=64 time=0.553 ms
64 bytes from 192.168.198.128: icmp_seq=18 ttl=64 time=1.22 ms
64 bytes from 192.168.198.128: icmp_seq=19 ttl=64 time=0.999 ms
64 bytes from 192.168.198.128: icmp_seq=20 ttl=64 time=1.00 ms
^C
--- 192.168.198.128 ping statistics ---
20 packets transmitted, 20 received, 0% packet loss, time 19234ms
rtt min/avg/max/mdev = 0.229/3.425/39.424/8.968 ms
gow@gow-virtual-machine:~$ ifconfig
ens33: flags=4163<UP,BROADCAST,RUNNING,MULTICAST>  mtu 1500
        inet 192.168.198.129  netmask 255.255.255.0  broadcast 192.168.198.255
        inet6 fe80::a764:26f0:4743:96ee  prefixlen 64  scopeid 0x20<link>
        ether 00:0c:29:95:19:d0  txqueuelen 1000  (Ethernet)
        RX packets 5728  bytes 7810793 (7.8 MB)
        RX errors 0  dropped 0  overruns 0  frame 0
        TX packets 3233  bytes 230470 (230.4 KB)
        TX errors 0  dropped 0 overruns 0  carrier 0  collisions 0

lo: flags=73<UP,LOOPBACK,RUNNING>  mtu 65536
        inet 127.0.0.1  netmask 255.0.0.0
        inet6 ::1  prefixlen 128  scopeid 0x10<host>
        loop  txqueuelen 1000  (Local Loopback)
        RX packets 586  bytes 50951 (50.9 KB)
        RX errors 0  dropped 0  overruns 0  frame 0
        TX packets 586  bytes 50951 (50.9 KB)
        TX errors 0  dropped 0 overruns 0  carrier 0  collisions 0

gow@gow-virtual-machine:~$ ls
Desktop  Documents  Downloads  Music  obada.txt  Pictures  Public  snap  Templates  Videos
gow@gow-virtual-machine:~$ nano obada.txt
gow@gow-virtual-machine:~$ 
